C2219787	numbness of back of lower left leg (symptom)
C2219778	numbness of back of right lower leg
C2219778	numbness of back of right lower leg (symptom)
C2219775	numbness of back of right thigh
C2219775	numbness of back of right thigh (symptom)
C2219790	numbness of both arms and both legs
C2219790	numbness of both arms and both legs (symptom)
C2219789	numbness of both buttocks
C2219789	numbness of both buttocks (symptom)
C2219797	numbness of both feet
C2219797	numbness of both feet (symptom)
C2127411	numbness of both forearms
C2127411	numbness of both forearms (symptom)
C2219768	numbness of both hands
C2219768	numbness of both hands (symptom)
C2219788	numbness of both legs
C2219788	numbness of both legs (symptom)
C2128235	numbness of both sides of chin
C2128235	numbness of both sides of chin (symptom)
C2219751	numbness of both upper arms
C2219751	numbness of both upper arms (symptom)
C2220005	numbness of chin
C2220005	numbness of chin (symptom)
C0743670	numbness of distal extremities
C2232747	numbness of dorsum of both forearms
C2232747	numbness of dorsum of both forearms (symptom)
C2232745	numbness of dorsum of left forearm
C2232745	numbness of dorsum of left forearm (symptom)
C2232743	numbness of dorsum of right forearm
C2232743	numbness of dorsum of right forearm (symptom)
C2219744	numbness of entire left side
C2219744	numbness of entire left side (symptom)
C2232717	numbness of entire lower lip
C2232717	numbness of entire lower lip (symptom)
C2219743	numbness of entire right side
C2219743	numbness of entire right side (symptom)
C2232714	numbness of entire upper lip
C2232714	numbness of entire upper lip (symptom)
C2232754	numbness of eyebrow region
C2232754	numbness of eyebrow region (symptom)
C2232757	numbness of eyebrow region on both sides
C2232757	numbness of eyebrow region on both sides (symptom)
C0239511	Numbness of face
C0239511	Numbness of face (finding)
C0587054	Numbness of finger
C0587054	Numbness of finger (finding)
C0239649	Numbness of foot
C0239649	Numbness of foot (finding)
C0239649	numbness of foot (symptom)
C2128139	numbness of forearm
C2128139	numbness of forearm (symptom)
C2220000	numbness of forehead
C2220000	numbness of forehead (symptom)
C2219780	numbness of front of left thigh
C2219780	numbness of front of left thigh (symptom)
C2219777	numbness of front of right lower leg
C2219777	numbness of front of right lower leg (symptom)
C0239832	Numbness of hand
C0239832	Numbness of hand (finding)
C0239832	numbness of hand (symptom)
C0743670	numbness of hands and feet
C0743670	numbness of hands and feet (distal)
C0743670	numbness of hands and feet (symptom)
C2219752	numbness of inner aspect of both arms
C2219752	numbness of inner aspect of both arms (symptom)
C2127412	numbness of inner aspect of both forearms
C2127412	numbness of inner aspect of both forearms (symptom)
C2127409	numbness of inner aspect of left forearm
C2127409	numbness of inner aspect of left forearm (symptom)
C2219781	numbness of inner aspect of left thigh
C2219781	numbness of inner aspect of left thigh (symptom)
C2232752	numbness of inner aspect of lower left leg
C2232752	numbness of inner aspect of lower left leg (symptom)
C2232750	numbness of inner aspect of lower right leg
C2232750	numbness of inner aspect of lower right leg (symptom)
C2219746	numbness of inner aspect of right arm
C2219746	numbness of inner aspect of right arm (symptom)
C2127406	numbness of inner aspect of right forearm
C2127406	numbness of inner aspect of right forearm (symptom)
C2219772	numbness of inner aspect of right thigh
C2219772	numbness of inner aspect of right thigh (symptom)
C2219749	numbness of inner side of left arm
C2219749	numbness of inner side of left arm (symptom)
C2219785	numbness of left buttock
C2219785	numbness of left buttock (symptom)
C2219787	numbness of left calf
C2220004	numbness of left cheek
C2220004	numbness of left cheek (symptom)
C2232756	numbness of left eyebrow region
C2232756	numbness of left eyebrow region (symptom)
C2130207	numbness of left first and second toes
C2130207	numbness of left first and second toes (symptom)
C2219794	numbness of left foot
C2219794	numbness of left foot (symptom)
C2127408	numbness of left forearm
C2127408	numbness of left forearm (symptom)
C2129610	numbness of left fourth and fifth toes
C2129610	numbness of left fourth and fifth toes (symptom)
C2130205	numbness of left fourth toe
C2130205	numbness of left fourth toe (symptom)
C2130202	numbness of left great toe
C2130202	numbness of left great toe (symptom)
C2219782	numbness of left groin
C2219782	numbness of left groin (symptom)
C2219761	numbness of left hand
C2219761	numbness of left hand (symptom)
C2130219	numbness of left index finger
C2130219	numbness of left index finger (symptom)
C2219779	numbness of left leg
C2219779	numbness of left leg (symptom)
C2130221	numbness of left little finger
C2130221	numbness of left little finger (symptom)
C2130206	numbness of left little toe
C2130206	numbness of left little toe (symptom)
C2232716	numbness of left lower lip
C2232716	numbness of left lower lip (symptom)
C2219765	numbness of left middle finger
C2219765	numbness of left middle finger (symptom)
C2130204	numbness of left middle toe
C2130204	numbness of left middle toe (symptom)
C2219766	numbness of left ring and little fingers
C2219766	numbness of left ring and little fingers (symptom)
C2130220	numbness of left ring finger
C2130220	numbness of left ring finger (symptom)
C2129609	numbness of left second and third toes
C2129609	numbness of left second and third toes (symptom)
C2130203	numbness of left second toe
C2130203	numbness of left second toe (symptom)
C2219786	numbness of left shin
C2220007	numbness of left shoulder
C2220007	numbness of left shoulder (symptom)
C2128234	numbness of left side of chin
C2128234	numbness of left side of chin (symptom)
C2220002	numbness of left side of forehead
C2220002	numbness of left side of forehead (symptom)
C2126200	numbness of left third and fourth toes
C2126200	numbness of left third and fourth toes (symptom)
C2219762	numbness of left thumb
C2219762	numbness of left thumb (symptom)
C2219763	numbness of left thumb and index finger
C2219763	numbness of left thumb and index finger (symptom)
C2219764	numbness of left thumb, index and middle fingers
C2219764	numbness of left thumb, index and middle fingers (symptom)
C2219748	numbness of left upper arm
C2219748	numbness of left upper arm (symptom)
C2232713	numbness of left upper lip
C2232713	numbness of left upper lip (symptom)
C0857160	numbness of legs
C0857160	numbness of legs (symptom)
C0239375	Numbness of limbs
C0239375	Numbness of limbs (finding)
C0239375	numbness of limbs (symptom)
C0877197	numbness of lip
C0877197	numbness of lip (symptom)
C0587055	Numbness of lower limb
C0587055	Numbness of lower limb (finding)
C2128237	numbness of lower lip
C2128237	numbness of lower lip (symptom)
C2219742	numbness of one entire side
C2219742	numbness of one entire side (symptom)
C2219753	numbness of outer aspect of both arms
C2219753	numbness of outer aspect of both arms (symptom)
C2127413	numbness of outer aspect of both forearms
C2127413	numbness of outer aspect of both forearms (symptom)
C2127410	numbness of outer aspect of left forearm
C2127410	numbness of outer aspect of left forearm (symptom)
C2219783	numbness of outer aspect of left thigh
C2219783	numbness of outer aspect of left thigh (symptom)
C2232751	numbness of outer aspect of lower left leg
C2232751	numbness of outer aspect of lower left leg (symptom)
C2232749	numbness of outer aspect of lower right leg
C2232749	numbness of outer aspect of lower right leg (symptom)
C2219747	numbness of outer aspect of right arm
C2219747	numbness of outer aspect of right arm (symptom)
C2127407	numbness of outer aspect of right forearm
C2127407	numbness of outer aspect of right forearm (symptom)
C2219774	numbness of outer aspect of right thigh
C2219774	numbness of outer aspect of right thigh (symptom)
C2219750	numbness of outer side of left arm
C2219750	numbness of outer side of left arm (symptom)
C2219800	numbness of perianal region
C2219800	numbness of perianal region (symptom)
C2219801	numbness of perineum
C2219801	numbness of perineum (symptom)
C0576841	Numbness of pinna
C0576841	Numbness of pinna (finding)
C2219776	numbness of right buttock
C2219776	numbness of right buttock (symptom)
C2219778	numbness of right calf
C2220003	numbness of right cheek
C2220003	numbness of right cheek (symptom)
C2232755	numbness of right eyebrow region
C2232755	numbness of right eyebrow region (symptom)
C2130201	numbness of right first and second toes
C2130201	numbness of right first and second toes (symptom)
C2219791	numbness of right foot
C2219791	numbness of right foot (symptom)
C2127405	numbness of right forearm
C2127405	numbness of right forearm (symptom)
C2129608	numbness of right fourth and fifth toes
C2129608	numbness of right fourth and fifth toes (symptom)
C2130199	numbness of right fourth toe
C2130199	numbness of right fourth toe (symptom)
C2130196	numbness of right great toe
C2130196	numbness of right great toe (symptom)
C2219773	numbness of right groin
C2219773	numbness of right groin (symptom)
C2219754	numbness of right hand
C2219754	numbness of right hand (symptom)
C2130216	numbness of right index finger
C2130216	numbness of right index finger (symptom)
C2219770	numbness of right leg
C2219770	numbness of right leg (symptom)
C2130218	numbness of right little finger
C2130218	numbness of right little finger (symptom)
C2130200	numbness of right little toe
C2130200	numbness of right little toe (symptom)
C2232715	numbness of right lower lip
C2232715	numbness of right lower lip (symptom)
C2219758	numbness of right middle finger
C2219758	numbness of right middle finger (symptom)
C2130198	numbness of right middle toe
C2130198	numbness of right middle toe (symptom)
C2219759	numbness of right ring and little fingers
C2219759	numbness of right ring and little fingers (symptom)
C2130217	numbness of right ring finger
C2130217	numbness of right ring finger (symptom)
C2129607	numbness of right second and third toes
C2129607	numbness of right second and third toes (symptom)
C2130197	numbness of right second toe
C2130197	numbness of right second toe (symptom)
C2219777	numbness of right shin
C2220006	numbness of right shoulder
C2220006	numbness of right shoulder (symptom)
C2128233	numbness of right side of chin
C2128233	numbness of right side of chin (symptom)
C2220001	numbness of right side of forehead
C2220001	numbness of right side of forehead (symptom)
C2126198	numbness of right third and fourth toes
C2126198	numbness of right third and fourth toes (symptom)
C2219755	numbness of right thumb
C2219755	numbness of right thumb (symptom)
C2219756	numbness of right thumb and index finger
C2219756	numbness of right thumb and index finger (symptom)
C2219757	numbness of right thumb, index and middle fingers
C2219757	numbness of right thumb, index and middle fingers (symptom)
C2219745	numbness of right upper arm
C2219745	numbness of right upper arm (symptom)
C2232712	numbness of right upper lip
C2232712	numbness of right upper lip (symptom)
C3266098	Numbness of saddle area
C3266098	Numbness of saddle area (finding)
C0863108	numbness of shoulder
C0863108	numbness of shoulder (symptom)
C0522057	Numbness of skin
C0522057	Numbness of skin (finding)
C2037820	numbness of teeth and palate as surgical complication
C2037820	numbness of teeth and palate as surgical complication (treatment)
C0587056	Numbness of toe
C0587056	Numbness of toe (finding)
C0587056	numbness of toes
C0587056	numbness of toes (symptom)
C2126201	numbness of toes of both feet
C2126201	numbness of toes of both feet (symptom)
C2126199	numbness of toes of left foot
C2126199	numbness of toes of left foot (symptom)
C2126197	numbness of toes of right foot
C2126197	numbness of toes of right foot (symptom)
C0520559	Numbness of tongue
C0520559	numbness of tongue (symptom)
C2219996	numbness of tongue on both sides
C2219996	numbness of tongue on both sides (symptom)
C2219995	numbness of tongue on left side
C2219995	numbness of tongue on left side (symptom)
C2219994	numbness of tongue on right side
C2219994	numbness of tongue on right side (symptom)
C0858586	numbness of upper arms
C0858586	numbness of upper arms (symptom)
C0241538	Numbness of upper limb
C0241538	Numbness of upper limb (finding)
C2128236	numbness of upper lip
C2128236	numbness of upper lip (symptom)
C2232748	numbness of volar aspect of both forearms
C2232748	numbness of volar aspect of both forearms (symptom)
C2232746	numbness of volar aspect of left forearm
C2232746	numbness of volar aspect of left forearm (symptom)
C2232744	numbness of volar aspect of right forearm
C2232744	numbness of volar aspect of right forearm (symptom)
C0566924	Numbness of vulva
C0566924	Numbness of vulva (finding)
C2219767	numbness on back of left hand
C2219767	numbness on back of left hand (symptom)
C2219760	numbness on back of right hand
C2219760	numbness on back of right hand (symptom)
C2219999	numbness on entire left side of face
C2219999	numbness on entire left side of face (symptom)
C2219998	numbness on entire right side of face
C2219998	numbness on entire right side of face (symptom)
C2219786	numbness on front of left lower leg
C2219786	numbness on front of left lower leg (symptom)
C2129526	numbness on front of left thigh toward outer side
C2129526	numbness on front of left thigh toward outer side (symptom)
C2219771	numbness on front of right thigh
C2219771	numbness on front of right thigh (symptom)
C2129525	numbness on front of right thigh toward outer side
C2129525	numbness on front of right thigh toward outer side (symptom)
C2219997	numbness on one entire side of face
C2219997	numbness on one entire side of face (symptom)
C2126178	numbness on palm of left hand
C2126178	numbness on palm of left hand (symptom)
C2126177	numbness on palm of right hand
C2126177	numbness on palm of right hand (symptom)
C2219796	numbness on sole of left foot
C2219796	numbness on sole of left foot (symptom)
C2219793	numbness on sole of right foot
C2219793	numbness on sole of right foot (symptom)
C2219795	numbness on top of left foot
C2219795	numbness on top of left foot (symptom)
C2219792	numbness on top of right foot
C2219792	numbness on top of right foot (symptom)
C3842982	Numbness or tingling
C0521592	NUMBNESS ORAL
C0028643	Numbness sensation
C2219798	numbness started with legs and progressed upward
C2219798	numbness started with legs and progressed upward (symptom)
C3278873	Numbness, pain, and tingling of the fingers in response to cold
C1971702	Numbness: [has] or [sensation]
C1971702	Numbness: [has] or [sensation] (finding)
C4035408	Occasionally has numbness, tingling, or mild aching
C0030554	Paraesthesia (numbness/tingling)
C0948992	Paraesthesia of (numbness/tingling) of lower limb
C0030554	Paresthesia (numbness/tingling)
C0587058	Paresthesia (numbness/tingling) of arm
C0948992	Paresthesia (numbness/tingling) of lower limb
C2219800	perianal numbness
C2219801	perineal numbness
C0221730	Perioral numbness
C0221730	Perioral numbness (finding)
C2080314	Phalen's maneuver showed hand numbness/tingling in the median nerve distribution
C2080315	Phalen's maneuver showed numbness/tingling in the median nerve distribution of both wrists
C2095176	possible limitations and risks discussed include local numbness
C2095176	possible limitations and risks discussed include local numbness (treatment)
C2095176	possible limitations and risks include local numbness
C2219770	right leg numbness
C2220006	right shoulder numbness
C2219998	right-sided hemifacial numbness
C3266098	Saddle anaesthesia
C3174645	Sudden numbness tingling PhenX
C4084745	Usual Severity Numbness or Tingling in Hands or Feet

